// Jest Snapshot v1, https://goo.gl/fbAQLP

exports[`TodoList Component should render 1`] = `
<body>
  <div>
    <div
      class="container"
    >
      <table
        class="table"
      >
        <thead>
          <tr>
            <th>
              ID
            </th>
            <th>
              name
            </th>
            <th>
              description
            </th>
          </tr>
        </thead>
        <tbody>
          <tr>
            <td>
              1
            </td>
            <td>
              some todo
            </td>
            <td>
              some desc
            </td>
          </tr>
        </tbody>
      </table>
    </div>
  </div>
</body>
`;
