// Jest Snapshot v1, https://goo.gl/fbAQLP

exports[`Login Component should render with default props 1`] = `
.loginContainer {
  -webkit-box-align: center;
  -ms-flex-align: center;
  height: 100%;
  display: -webkit-box;
  display: -moz-box;
  display: -ms-flexbox;
  display: -webkit-flex;
  display: flex;
  -webkit-align-items: center;
  align-items: center;
}

.loginForm {
  -webkit-box-align: center;
  -ms-flex-align: center;
  -webkit-box-direction: normal;
  -webkit-box-orient: vertical;
  width: 100%;
  display: -webkit-box;
  display: -moz-box;
  display: -ms-flexbox;
  display: -webkit-flex;
  display: flex;
  -webkit-flex-direction: column;
  -ms-flex-direction: column;
  flex-direction: column;
  -webkit-align-items: center;
  align-items: center;
}

.loginInput {
  margin-bottom: 1rem;
}

.loginButton {
  width: 50%;
}

<div
  className="loginContainer container"
>
  <form
    className="loginForm form-group"
  >
    <input
      autoComplete="email"
      className="loginInput form-control"
      data-testid="login-username"
      onChange={[Function]}
      placeholder="username"
      type="text"
      value=""
    />
    <input
      autoComplete="password"
      className="loginInput form-control"
      data-testid="login-password"
      onChange={[Function]}
      placeholder="password"
      type="password"
      value=""
    />
    <button
      className="loginButton btn btn-primary"
      data-testid="login-btn"
      onClick={[Function]}
      type="button"
    >
      Login
    </button>
  </form>
</div>
`;
